// Vitest Snapshot v1, https://vitest.dev/guide/snapshot.html

exports[`NotificationToast > renders the correct style for error 1`] = `
"<div role="alert" class="notification notification--error notification--slide">
  <p class="notification__text">Hello</p><button title="close" class="notification__button"> âœ• </button>
</div>"
`;
